<html>
<body>
<pre>
<h1>µVision Build Log</h1>
<h2>Project:</h2>
C:\Users\Javen\Desktop\MCU-Pilot\STM32F4 Software Development\Sample Project\PWM Input-Output\PWM Input-Output.uvproj
Project File Date:  06/13/2012

<h2>Output:</h2>
Build target 'Target 1'
assembling startup_stm32f4xx.s...
compiling PWM Input-Output.c...
PWM Input-Output.c(78): warning:  #1-D: last line of file ends without a newline
linking...
PWM Input-Output.axf: Error: L6218E: Undefined symbol SystemInit (referred from startup_stm32f4xx.o).
PWM Input-Output.axf: Error: L6218E: Undefined symbol GPIO_Init (referred from pwm input-output.o).
PWM Input-Output.axf: Error: L6218E: Undefined symbol GPIO_PinAFConfig (referred from pwm input-output.o).
PWM Input-Output.axf: Error: L6218E: Undefined symbol RCC_AHB1PeriphClockCmd (referred from pwm input-output.o).
PWM Input-Output.axf: Error: L6218E: Undefined symbol RCC_APB1PeriphClockCmd (referred from pwm input-output.o).
PWM Input-Output.axf: Error: L6218E: Undefined symbol TIM_ARRPreloadConfig (referred from pwm input-output.o).
PWM Input-Output.axf: Error: L6218E: Undefined symbol TIM_Cmd (referred from pwm input-output.o).
PWM Input-Output.axf: Error: L6218E: Undefined symbol TIM_OC1Init (referred from pwm input-output.o).
PWM Input-Output.axf: Error: L6218E: Undefined symbol TIM_OC1PreloadConfig (referred from pwm input-output.o).
PWM Input-Output.axf: Error: L6218E: Undefined symbol TIM_OC2Init (referred from pwm input-output.o).
PWM Input-Output.axf: Error: L6218E: Undefined symbol TIM_OC2PreloadConfig (referred from pwm input-output.o).
PWM Input-Output.axf: Error: L6218E: Undefined symbol TIM_TimeBaseInit (referred from pwm input-output.o).
Target not created
Build target 'Target 1'
compiling stm32f4xx_exti.c...
compiling stm32f4xx_gpio.c...
compiling stm32f4xx_it.c...
compiling stm32f4xx_rcc.c...
compiling stm32f4xx_syscfg.c...
compiling stm32f4xx_tim.c...
compiling system_stm32f4xx.c...
compiling PWM Input-Output.c...
linking...
PWM Input-Output.axf: Error: L6218E: Undefined symbol main (referred from rtentry2.o).
Target not created
Build target 'Target 1'
compiling misc.c...
linking...
PWM Input-Output.axf: Error: L6218E: Undefined symbol main (referred from rtentry2.o).
Target not created
Build target 'Target 1'
compiling PWM Input-Output.c...
linking...
PWM Input-Output.axf: Error: L6218E: Undefined symbol main (referred from rtentry2.o).
Target not created
Build target 'Target 1'
compiling PWM Input-Output.c...
PWM Input-Output.c(43): warning:  #1-D: last line of file ends without a newline
PWM Input-Output.c(43): error: At end of source:  #67: expected a "}"
Target not created
Build target 'Target 1'
compiling PWM Input-Output.c...
PWM Input-Output.c(48): warning:  #1-D: last line of file ends without a newline
PWM Input-Output.c(48): error: At end of source:  #67: expected a "}"
Target not created
Build target 'Target 1'
compiling PWM Input-Output.c...
PWM Input-Output.c(49): warning:  #1-D: last line of file ends without a newline
linking...
PWM Input-Output.axf: Error: L6218E: Undefined symbol IC_Module (referred from pwm input-output.o).
PWM Input-Output.axf: Error: L6218E: Undefined symbol OC_Module (referred from pwm input-output.o).
Target not created
Build target 'Target 1'
compiling PWM Input-Output.c...
PWM Input-Output.c(55): warning:  #177-D: variable "TIM_TimeBaseStructure" was declared but never referenced
PWM Input-Output.c(56): warning:  #177-D: variable "TIM_OCInitStructure" was declared but never referenced
PWM Input-Output.c(61): warning:  #1-D: last line of file ends without a newline
linking...
PWM Input-Output.axf: Error: L6218E: Undefined symbol IC_Module (referred from pwm input-output.o).
Target not created
Build target 'Target 1'
compiling PWM Input-Output.c...
PWM Input-Output.c(63): warning:  #1-D: last line of file ends without a newline
linking...
PWM Input-Output.axf: Error: L6218E: Undefined symbol IC_Module (referred from pwm input-output.o).
Target not created
Build target 'Target 1'
compiling PWM Input-Output.c...
linking...
PWM Input-Output.axf: Error: L6218E: Undefined symbol IC_Module (referred from pwm input-output.o).
Target not created
Build target 'Target 1'
compiling PWM Input-Output.c...
PWM Input-Output.c(24): warning:  #69-D: integer conversion resulted in truncation
linking...
PWM Input-Output.axf: Error: L6218E: Undefined symbol IC_Module (referred from pwm input-output.o).
Target not created
Build target 'Target 1'
compiling PWM Input-Output.c...
PWM Input-Output.c(24): warning:  #260-D: explicit type is missing ("int" assumed)
linking...
PWM Input-Output.axf: Error: L6218E: Undefined symbol IC_Module (referred from pwm input-output.o).
Target not created
Build target 'Target 1'
compiling PWM Input-Output.c...
PWM Input-Output.c(24): warning:  #69-D: integer conversion resulted in truncation
linking...
PWM Input-Output.axf: Error: L6218E: Undefined symbol IC_Module (referred from pwm input-output.o).
Target not created
Build target 'Target 1'
compiling PWM Input-Output.c...
PWM Input-Output.c(24): warning:  #69-D: integer conversion resulted in truncation
linking...
PWM Input-Output.axf: Error: L6218E: Undefined symbol IC_Module (referred from pwm input-output.o).
Target not created
Build target 'Target 1'
compiling PWM Input-Output.c...
PWM Input-Output.c(24): warning:  #69-D: integer conversion resulted in truncation
linking...
PWM Input-Output.axf: Error: L6218E: Undefined symbol IC_Module (referred from pwm input-output.o).
Target not created
Build target 'Target 1'
compiling PWM Input-Output.c...
PWM Input-Output.c(21): error:  #20: identifier "__TO" is undefined
PWM Input-Output.c(21): error:  #101: "uint16_t" has already been declared in the current scope
PWM Input-Output.c(21): error:  #65: expected a ";"
PWM Input-Output.c(22): error:  #757: variable "uint16_t" is not a type name
error type>(23): error:  #757: variable "uint16_t" is not a type name
error type>(24): error:  #757: variable "uint16_t" is not a type name
error type>(48): error:  #18: expected a ")"
PWM Input-Output.c(48): error:  #18: expected a ")"
PWM Input-Output.c(48): error:  #18: expected a ")"
PWM Input-Output.c(48): error:  #18: expected a ")"
PWM Input-Output.c(66): error:  #20: identifier "Period" is undefined
PWM Input-Output.c(73): error:  #18: expected a ")"
Target not created
Build target 'Target 1'
compiling PWM Input-Output.c...
PWM Input-Output.c(24): warning:  #69-D: integer conversion resulted in truncation
linking...
PWM Input-Output.axf: Error: L6218E: Undefined symbol IC_Module (referred from pwm input-output.o).
Target not created
Build target 'Target 1'
compiling PWM Input-Output.c...
linking...
PWM Input-Output.axf: Error: L6218E: Undefined symbol IC_Module (referred from pwm input-output.o).
Target not created
Build target 'Target 1'
compiling PWM Input-Output.c...
linking...
PWM Input-Output.axf: Error: L6218E: Undefined symbol IC_Module (referred from pwm input-output.o).
Target not created
Build target 'Target 1'
compiling PWM Input-Output.c...
linking...
PWM Input-Output.axf: Error: L6218E: Undefined symbol IC_Module (referred from pwm input-output.o).
Target not created
Build target 'Target 1'
compiling PWM Input-Output.c...
linking...
Program Size: Code=6412 RO-data=424 RW-data=56 ZI-data=1664  
"PWM Input-Output.axf" - 0 Error(s), 0 Warning(s).
Build target 'Target 1'
compiling PWM Input-Output.c...
linking...
Program Size: Code=6428 RO-data=424 RW-data=56 ZI-data=1664  
FromELF: creating hex file...
"PWM Input-Output.axf" - 0 Error(s), 0 Warning(s).
Build target 'Target 1'
compiling PWM Input-Output.c...
linking...
Program Size: Code=6428 RO-data=424 RW-data=56 ZI-data=1664  
FromELF: creating hex file...
"PWM Input-Output.axf" - 0 Error(s), 0 Warning(s).
Rebuild target 'Target 1'
assembling startup_stm32f4xx.s...
compiling stm32f4xx_exti.c...
compiling stm32f4xx_gpio.c...
compiling stm32f4xx_rcc.c...
compiling stm32f4xx_syscfg.c...
compiling stm32f4xx_tim.c...
compiling system_stm32f4xx.c...
compiling misc.c...
compiling stm32f4xx_it.c...
compiling PWM Input-Output.c...
linking...
Program Size: Code=6428 RO-data=424 RW-data=56 ZI-data=1664  
FromELF: creating hex file...
"PWM Input-Output.axf" - 0 Error(s), 0 Warning(s).
Build target 'Target 1'
compiling PWM Input-Output.c...
linking...
Program Size: Code=6428 RO-data=424 RW-data=56 ZI-data=1664  
FromELF: creating hex file...
"PWM Input-Output.axf" - 0 Error(s), 0 Warning(s).
Build target 'Target 1'
compiling PWM Input-Output.c...
linking...
Program Size: Code=6428 RO-data=424 RW-data=56 ZI-data=1664  
FromELF: creating hex file...
"PWM Input-Output.axf" - 0 Error(s), 0 Warning(s).
Build target 'Target 1'
compiling PWM Input-Output.c...
linking...
Program Size: Code=6424 RO-data=424 RW-data=56 ZI-data=1664  
FromELF: creating hex file...
"PWM Input-Output.axf" - 0 Error(s), 0 Warning(s).
Build target 'Target 1'
compiling PWM Input-Output.c...
linking...
Program Size: Code=6424 RO-data=424 RW-data=56 ZI-data=1664  
FromELF: creating hex file...
"PWM Input-Output.axf" - 0 Error(s), 0 Warning(s).
Build target 'Target 1'
compiling PWM Input-Output.c...
linking...
Program Size: Code=6416 RO-data=424 RW-data=56 ZI-data=1664  
FromELF: creating hex file...
"PWM Input-Output.axf" - 0 Error(s), 0 Warning(s).
Build target 'Target 1'
compiling PWM Input-Output.c...
linking...
Program Size: Code=6416 RO-data=424 RW-data=56 ZI-data=1664  
FromELF: creating hex file...
"PWM Input-Output.axf" - 0 Error(s), 0 Warning(s).
Build target 'Target 1'
compiling PWM Input-Output.c...
linking...
Program Size: Code=6424 RO-data=424 RW-data=56 ZI-data=1664  
FromELF: creating hex file...
"PWM Input-Output.axf" - 0 Error(s), 0 Warning(s).
Build target 'Target 1'
compiling PWM Input-Output.c...
linking...
Program Size: Code=6424 RO-data=424 RW-data=56 ZI-data=1664  
FromELF: creating hex file...
"PWM Input-Output.axf" - 0 Error(s), 0 Warning(s).
Build target 'Target 1'
compiling PWM Input-Output.c...
linking...
Program Size: Code=6424 RO-data=424 RW-data=56 ZI-data=1664  
FromELF: creating hex file...
"PWM Input-Output.axf" - 0 Error(s), 0 Warning(s).
Build target 'Target 1'
compiling PWM Input-Output.c...
linking...
Program Size: Code=6424 RO-data=424 RW-data=56 ZI-data=1664  
FromELF: creating hex file...
"PWM Input-Output.axf" - 0 Error(s), 0 Warning(s).
Build target 'Target 1'
compiling PWM Input-Output.c...
linking...
Program Size: Code=6424 RO-data=424 RW-data=56 ZI-data=1664  
FromELF: creating hex file...
"PWM Input-Output.axf" - 0 Error(s), 0 Warning(s).
Build target 'Target 1'
compiling PWM Input-Output.c...
linking...
Program Size: Code=6460 RO-data=424 RW-data=60 ZI-data=1668  
FromELF: creating hex file...
"PWM Input-Output.axf" - 0 Error(s), 0 Warning(s).
Build target 'Target 1'
compiling PWM Input-Output.c...
linking...
Program Size: Code=6460 RO-data=424 RW-data=60 ZI-data=1668  
FromELF: creating hex file...
"PWM Input-Output.axf" - 0 Error(s), 0 Warning(s).
Build target 'Target 1'
linking...
Program Size: Code=6460 RO-data=424 RW-data=60 ZI-data=1668  
FromELF: creating hex file...
"PWM Input-Output.axf" - 0 Error(s), 0 Warning(s).
Build target 'Target 1'
linking...
Program Size: Code=6460 RO-data=424 RW-data=60 ZI-data=1668  
FromELF: creating hex file...
"PWM Input-Output.axf" - 0 Error(s), 0 Warning(s).
Build target 'Target 1'
compiling PWM Input-Output.c...
PWM Input-Output.c(41): warning:  #128-D: loop is not reachable from preceding code
linking...
Program Size: Code=6424 RO-data=424 RW-data=60 ZI-data=1668  
FromELF: creating hex file...
"PWM Input-Output.axf" - 0 Error(s), 1 Warning(s).
Build target 'Target 1'
compiling PWM Input-Output.c...
linking...
Program Size: Code=6424 RO-data=424 RW-data=60 ZI-data=1668  
FromELF: creating hex file...
"PWM Input-Output.axf" - 0 Error(s), 0 Warning(s).
Build target 'Target 1'
compiling PWM Input-Output.c...
PWM Input-Output.c(40): warning:  #128-D: loop is not reachable from preceding code
linking...
Program Size: Code=6424 RO-data=424 RW-data=60 ZI-data=1668  
FromELF: creating hex file...
"PWM Input-Output.axf" - 0 Error(s), 1 Warning(s).
Build target 'Target 1'
compiling PWM Input-Output.c...
PWM Input-Output.c(41): warning:  #128-D: loop is not reachable from preceding code
linking...
Program Size: Code=6424 RO-data=424 RW-data=64 ZI-data=1664  
FromELF: creating hex file...
"PWM Input-Output.axf" - 0 Error(s), 1 Warning(s).
Build target 'Target 1'
compiling PWM Input-Output.c...
PWM Input-Output.c(41): warning:  #128-D: loop is not reachable from preceding code
linking...
Program Size: Code=6424 RO-data=424 RW-data=64 ZI-data=1664  
FromELF: creating hex file...
"PWM Input-Output.axf" - 0 Error(s), 1 Warning(s).
Build target 'Target 1'
compiling PWM Input-Output.c...
PWM Input-Output.c(41): warning:  #128-D: loop is not reachable from preceding code
linking...
Program Size: Code=6424 RO-data=424 RW-data=64 ZI-data=1664  
FromELF: creating hex file...
"PWM Input-Output.axf" - 0 Error(s), 1 Warning(s).
Build target 'Target 1'
compiling PWM Input-Output.c...
linking...
Program Size: Code=6424 RO-data=424 RW-data=56 ZI-data=1664  
FromELF: creating hex file...
"PWM Input-Output.axf" - 0 Error(s), 0 Warning(s).
Build target 'Target 1'
compiling PWM Input-Output.c...
linking...
Program Size: Code=6424 RO-data=424 RW-data=56 ZI-data=1664  
FromELF: creating hex file...
"PWM Input-Output.axf" - 0 Error(s), 0 Warning(s).
Build target 'Target 1'
compiling PWM Input-Output.c...
PWM Input-Output.c(74): error:  #65: expected a ";"
PWM Input-Output.c(75): error:  #137: expression must be a modifiable lvalue
Target not created
Build target 'Target 1'
compiling PWM Input-Output.c...
PWM Input-Output.c(75): error:  #137: expression must be a modifiable lvalue
Target not created
Rebuild target 'Target 1'
assembling startup_stm32f4xx.s...
compiling stm32f4xx_exti.c...
compiling stm32f4xx_gpio.c...
compiling stm32f4xx_rcc.c...
compiling stm32f4xx_syscfg.c...
compiling stm32f4xx_tim.c...
compiling system_stm32f4xx.c...
compiling misc.c...
compiling stm32f4xx_it.c...
compiling PWM Input-Output.c...
PWM Input-Output.c(75): error:  #137: expression must be a modifiable lvalue
Target not created
Build target 'Target 1'
compiling PWM Input-Output.c...
linking...
Program Size: Code=6420 RO-data=424 RW-data=56 ZI-data=1664  
FromELF: creating hex file...
"PWM Input-Output.axf" - 0 Error(s), 0 Warning(s).
Build target 'Target 1'
compiling PWM Input-Output.c...
linking...
Program Size: Code=6420 RO-data=424 RW-data=56 ZI-data=1664  
FromELF: creating hex file...
"PWM Input-Output.axf" - 0 Error(s), 0 Warning(s).
Build target 'Target 1'
compiling PWM Input-Output.c...
linking...
Program Size: Code=6420 RO-data=424 RW-data=56 ZI-data=1664  
FromELF: creating hex file...
"PWM Input-Output.axf" - 0 Error(s), 0 Warning(s).
Build target 'Target 1'
compiling PWM Input-Output.c...
linking...
Program Size: Code=6420 RO-data=424 RW-data=56 ZI-data=1664  
FromELF: creating hex file...
"PWM Input-Output.axf" - 0 Error(s), 0 Warning(s).
Build target 'Target 1'
compiling PWM Input-Output.c...
linking...
Program Size: Code=6420 RO-data=424 RW-data=56 ZI-data=1664  
FromELF: creating hex file...
"PWM Input-Output.axf" - 0 Error(s), 0 Warning(s).
Build target 'Target 1'
compiling PWM Input-Output.c...
PWM Input-Output.c(25): error:  #20: identifier "Pulse_Multiplier" is undefined
Target not created
Build target 'Target 1'
compiling PWM Input-Output.c...
PWM Input-Output.c(27): error:  #28: expression must have a constant value
PWM Input-Output.c(28): error:  #28: expression must have a constant value
PWM Input-Output.c(29): error:  #28: expression must have a constant value
PWM Input-Output.c(30): error:  #28: expression must have a constant value
Target not created
Build target 'Target 1'
compiling PWM Input-Output.c...
linking...
Program Size: Code=7576 RO-data=424 RW-data=68 ZI-data=1668  
FromELF: creating hex file...
"PWM Input-Output.axf" - 0 Error(s), 0 Warning(s).
Build target 'Target 1'
compiling PWM Input-Output.c...
linking...
Program Size: Code=7576 RO-data=424 RW-data=68 ZI-data=1668  
FromELF: creating hex file...
"PWM Input-Output.axf" - 0 Error(s), 0 Warning(s).
Build target 'Target 1'
compiling PWM Input-Output.c...
linking...
Program Size: Code=7576 RO-data=424 RW-data=68 ZI-data=1668  
FromELF: creating hex file...
"PWM Input-Output.axf" - 0 Error(s), 0 Warning(s).
Build target 'Target 1'
compiling PWM Input-Output.c...
PWM Input-Output.c(21): error:  #20: identifier "_I" is undefined
PWM Input-Output.c(21): error:  #101: "uint16_t" has already been declared in the current scope
PWM Input-Output.c(21): error:  #65: expected a ";"
PWM Input-Output.c(22): error:  #757: variable "uint16_t" is not a type name
error type>(23): error:  #757: variable "uint16_t" is not a type name
error type>(24): error:  #757: variable "uint16_t" is not a type name
error type>(26): error:  #757: variable "uint16_t" is not a type name
error type>(27): error:  #757: variable "uint16_t" is not a type name
error type>(28): error:  #757: variable "uint16_t" is not a type name
error type>(29): error:  #757: variable "uint16_t" is not a type name
error type>(30): error:  #757: variable "uint16_t" is not a type name
error type>(31): error:  #757: variable "uint16_t" is not a type name
error type>(32): error:  #757: variable "uint16_t" is not a type name
error type>(33): error:  #757: variable "uint16_t" is not a type name
error type>(34): error:  #757: variable "uint16_t" is not a type name
error type>(35): error:  #757: variable "uint16_t" is not a type name
error type>(63): error:  #18: expected a ")"
PWM Input-Output.c(63): error:  #18: expected a ")"
PWM Input-Output.c(63): error:  #18: expected a ")"
PWM Input-Output.c(63): error:  #18: expected a ")"
PWM Input-Output.c(85): error:  #20: identifier "A" is undefined
PWM Input-Output.c(97): error:  #18: expected a ")"
PWM Input-Output.c(101): error:  #18: expected a ")"
PWM Input-Output.c(102): error:  #18: expected a ")"
PWM Input-Output.c(104): error:  #18: expected a ")"
PWM Input-Output.c(106): error:  #18: expected a ")"
PWM Input-Output.c(109): error:  #18: expected a ")"
PWM Input-Output.c(112): error:  #18: expected a ")"
PWM Input-Output.c(115): error:  #18: expected a ")"
PWM Input-Output.c(118): error:  #18: expected a ")"
Target not created
Build target 'Target 1'
compiling PWM Input-Output.c...
PWM Input-Output.c(21): error:  #20: identifier "_I" is undefined
PWM Input-Output.c(21): error:  #101: "uint16_t" has already been declared in the current scope
PWM Input-Output.c(21): error:  #65: expected a ";"
PWM Input-Output.c(22): error:  #757: variable "uint16_t" is not a type name
error type>(23): error:  #757: variable "uint16_t" is not a type name
error type>(24): error:  #757: variable "uint16_t" is not a type name
error type>(26): error:  #757: variable "uint16_t" is not a type name
error type>(27): error:  #757: variable "uint16_t" is not a type name
error type>(28): error:  #757: variable "uint16_t" is not a type name
error type>(29): error:  #757: variable "uint16_t" is not a type name
error type>(30): error:  #757: variable "uint16_t" is not a type name
error type>(31): error:  #757: variable "uint16_t" is not a type name
error type>(32): error:  #757: variable "uint16_t" is not a type name
error type>(33): error:  #757: variable "uint16_t" is not a type name
error type>(34): error:  #757: variable "uint16_t" is not a type name
error type>(35): error:  #757: variable "uint16_t" is not a type name
error type>(63): error:  #18: expected a ")"
PWM Input-Output.c(63): error:  #18: expected a ")"
PWM Input-Output.c(63): error:  #18: expected a ")"
PWM Input-Output.c(63): error:  #18: expected a ")"
PWM Input-Output.c(85): error:  #20: identifier "A" is undefined
PWM Input-Output.c(97): error:  #18: expected a ")"
PWM Input-Output.c(101): error:  #18: expected a ")"
PWM Input-Output.c(102): error:  #18: expected a ")"
PWM Input-Output.c(104): error:  #18: expected a ")"
PWM Input-Output.c(106): error:  #18: expected a ")"
PWM Input-Output.c(109): error:  #18: expected a ")"
PWM Input-Output.c(112): error:  #18: expected a ")"
PWM Input-Output.c(115): error:  #18: expected a ")"
PWM Input-Output.c(118): error:  #18: expected a ")"
Target not created
Build target 'Target 1'
compiling PWM Input-Output.c...
linking...
Program Size: Code=7576 RO-data=424 RW-data=68 ZI-data=1668  
FromELF: creating hex file...
"PWM Input-Output.axf" - 0 Error(s), 0 Warning(s).
Build target 'Target 1'
compiling PWM Input-Output.c...
linking...
Program Size: Code=6420 RO-data=424 RW-data=68 ZI-data=1668  
FromELF: creating hex file...
"PWM Input-Output.axf" - 0 Error(s), 0 Warning(s).
Build target 'Target 1'
compiling PWM Input-Output.c...
PWM Input-Output.c(85): error:  #65: expected a ";"
Target not created
Build target 'Target 1'
compiling PWM Input-Output.c...
linking...
Program Size: Code=7596 RO-data=424 RW-data=72 ZI-data=1664  
FromELF: creating hex file...
"PWM Input-Output.axf" - 0 Error(s), 0 Warning(s).
Build target 'Target 1'
compiling PWM Input-Output.c...
linking...
Program Size: Code=7596 RO-data=424 RW-data=76 ZI-data=1668  
FromELF: creating hex file...
"PWM Input-Output.axf" - 0 Error(s), 0 Warning(s).
Build target 'Target 1'
compiling PWM Input-Output.c...
linking...
Program Size: Code=7592 RO-data=424 RW-data=76 ZI-data=1668  
FromELF: creating hex file...
"PWM Input-Output.axf" - 0 Error(s), 0 Warning(s).
Build target 'Target 1'
compiling PWM Input-Output.c...
linking...
Program Size: Code=6420 RO-data=424 RW-data=56 ZI-data=1664  
FromELF: creating hex file...
"PWM Input-Output.axf" - 0 Error(s), 0 Warning(s).
Build target 'Target 1'
compiling PWM Input-Output.c...
linking...
Program Size: Code=6420 RO-data=424 RW-data=56 ZI-data=1664  
FromELF: creating hex file...
"PWM Input-Output.axf" - 0 Error(s), 0 Warning(s).
Build target 'Target 1'
compiling PWM Input-Output.c...
linking...
Program Size: Code=6420 RO-data=424 RW-data=56 ZI-data=1664  
FromELF: creating hex file...
"PWM Input-Output.axf" - 0 Error(s), 0 Warning(s).
Build target 'Target 1'
compiling PWM Input-Output.c...
linking...
Program Size: Code=6420 RO-data=424 RW-data=56 ZI-data=1664  
FromELF: creating hex file...
"PWM Input-Output.axf" - 0 Error(s), 0 Warning(s).
Build target 'Target 1'
compiling PWM Input-Output.c...
linking...
Program Size: Code=6420 RO-data=424 RW-data=56 ZI-data=1664  
FromELF: creating hex file...
"PWM Input-Output.axf" - 0 Error(s), 0 Warning(s).
