<html>
<body>
<pre>
<h1>µVision Build Log</h1>
<h2>Project:</h2>
C:\Users\Javen\Desktop\MCU-Pilot\STM32F4 Software Development\Sample Project\PWM Output\PWM Output.uvproj
Project File Date:  06/07/2012

<h2>Output:</h2>
Build target 'Target 1'
compiling PWM Output.c...
PWM Output.c(71): warning:  #1-D: last line of file ends without a newline
linking...
Program Size: Code=6260 RO-data=424 RW-data=36 ZI-data=1668  
FromELF: creating hex file...
"PWM Output.axf" - 0 Error(s), 1 Warning(s).
Rebuild target 'Target 1'
compiling PWM Output.c...
PWM Output.c(71): warning:  #1-D: last line of file ends without a newline
assembling startup_stm32f4xx.s...
compiling stm32f4xx_gpio.c...
compiling stm32f4xx_it.c...
compiling stm32f4xx_rcc.c...
compiling stm32f4xx_syscfg.c...
compiling stm32f4xx_tim.c...
compiling system_stm32f4xx.c...
linking...
Program Size: Code=6260 RO-data=424 RW-data=36 ZI-data=1668  
FromELF: creating hex file...
"PWM Output.axf" - 0 Error(s), 1 Warning(s).
Build target 'Target 1'
compiling PWM Output.c...
PWM Output.c(77): warning:  #1-D: last line of file ends without a newline
linking...
Program Size: Code=6260 RO-data=424 RW-data=36 ZI-data=1668  
FromELF: creating hex file...
"PWM Output.axf" - 0 Error(s), 1 Warning(s).
